<!doctype html public "-//w3c//dtd html 4.0 transitional//en">
<html><head>
<title>Static Call Graph - [D:\Embedded Sys(SARKAR)\ARM_Progs\ARM3.axf]</title></head>
<body><HR>
<H1>Static Call Graph for image D:\Embedded Sys(SARKAR)\ARM_Progs\ARM3.axf</H1><HR>
<BR><P>#&#060CALLGRAPH&#062# ARM Linker, RVCT3.0 [Build 942]: Last Updated: Tue Aug 30 15:17:06 2022
<BR><P>
<H3>Maximum Stack Usage =         64 bytes + Unknown(Functions without stacksize,Cycles,Untraceable Function Pointers)</H3><H3>
Call chain for Maximum Stack Depth:</H3>
__main -> __rt_entry -> __rt_lib_init -> _fp_init<P>
<H3>
Functions with no stack information
</H3><UL>
 <LI><a href="#[23184a0]">Reset_Handler</a>
 <LI><a href="#[23ff800]">__scatterload</a>
 <LI><a href="#[23ff730]">__scatterload_rt2</a>
 <LI><a href="#[23ff780]">__scatterload_null</a>
 <LI><a href="#[23ff0e8]">__scatterload_zeroinit</a>
 <LI><a href="#[2318320]">__user_initial_stackheap</a>
 <LI><a href="#[23eb9f8]">__fplib_config_pureend_doubles</a>
 <LI><a href="#[2318a90]">Undef_Handler</a>
 <LI><a href="#[2318a18]">SWI_Handler</a>
 <LI><a href="#[231899c]">PAbt_Handler</a>
 <LI><a href="#[2318920]">DAbt_Handler</a>
 <LI><a href="#[23188a8]">IRQ_Handler</a>
 <LI><a href="#[2318830]">FIQ_Handler</a>
</UL>
<P>
<H3>
Mutually Recursive functions
</H3><UL>
 <LI><a href="#[2318a90]">Undef_Handler</a>&nbsp;&nbsp;&nbsp;->&nbsp;&nbsp;&nbsp;<a href="#[2318a90]">Undef_Handler</a><BR>
 <LI><a href="#[2318a18]">SWI_Handler</a>&nbsp;&nbsp;&nbsp;->&nbsp;&nbsp;&nbsp;<a href="#[2318a18]">SWI_Handler</a><BR>
 <LI><a href="#[231899c]">PAbt_Handler</a>&nbsp;&nbsp;&nbsp;->&nbsp;&nbsp;&nbsp;<a href="#[231899c]">PAbt_Handler</a><BR>
 <LI><a href="#[2318920]">DAbt_Handler</a>&nbsp;&nbsp;&nbsp;->&nbsp;&nbsp;&nbsp;<a href="#[2318920]">DAbt_Handler</a><BR>
 <LI><a href="#[23188a8]">IRQ_Handler</a>&nbsp;&nbsp;&nbsp;->&nbsp;&nbsp;&nbsp;<a href="#[23188a8]">IRQ_Handler</a><BR>
 <LI><a href="#[2318830]">FIQ_Handler</a>&nbsp;&nbsp;&nbsp;->&nbsp;&nbsp;&nbsp;<a href="#[2318830]">FIQ_Handler</a><BR>
</UL>
<BR>
<P><STRONG><a name="[23184a0]"></a>Reset_Handler</STRONG> (ARM, 0 bytes, Stack size unknown bytes, startup.o(RESET))
<BR>[Address Reference Count : 1]<UL><LI> startup.o(RESET)
</UL>
<P><STRONG><a name="[23cac98]"></a>__main</STRONG> (ARM, 8 bytes, Stack size 0 bytes, __main.o(!!!main))
<BR><BR>[Stack]<UL><LI>Max Depth = 64 + Unknown Stack Size
<LI>Call Chain = __main -> __rt_entry -> __rt_lib_init -> _fp_init</UL>
<BR>[Calls]<UL><LI><a href="#[23ca190]">&gt;&gt;</a>&nbsp;&nbsp;&nbsp;__rt_entry
<LI><a href="#[23ff800]">&gt;&gt;</a>&nbsp;&nbsp;&nbsp;__scatterload
</UL>

<P><STRONG><a name="[23ff800]"></a>__scatterload</STRONG> (ARM, 0 bytes, Stack size unknown bytes, __scatter.o(!!!scatter))
<BR><BR>[Called By]<UL><LI><a href="#[23cac98]">&lt;&lt;</a>&nbsp;&nbsp;&nbsp;__main
</UL>

<P><STRONG><a name="[23ff730]"></a>__scatterload_rt2</STRONG> (ARM, 48 bytes, Stack size unknown bytes, __scatter.o(!!!scatter), UNUSED)
<BR><BR>[Calls]<UL><LI><a href="#[23ca190]">&gt;&gt;</a>&nbsp;&nbsp;&nbsp;__rt_entry
</UL>

<P><STRONG><a name="[23ff780]"></a>__scatterload_null</STRONG> (ARM, 0 bytes, Stack size unknown bytes, __scatter.o(!!!scatter), UNUSED)

<P><STRONG><a name="[23ff0e8]"></a>__scatterload_zeroinit</STRONG> (ARM, 44 bytes, Stack size unknown bytes, __scatter_zi.o(!!handler_zi), UNUSED)

<P><STRONG><a name="[23f2dcc]"></a>__ARM_argv_veneer</STRONG> (ARM, 16 bytes, Stack size 0 bytes, lib_init.o(.emb_text))
<BR><BR>[Called By]<UL><LI><a href="#[23f2d00]">&lt;&lt;</a>&nbsp;&nbsp;&nbsp;__rt_lib_init (via Veneer)
</UL>

<P><STRONG><a name="[2318320]"></a>__user_initial_stackheap</STRONG> (ARM, 0 bytes, Stack size unknown bytes, startup.o(.text))
<BR><BR>[Called By]<UL><LI><a href="#[23c9684]">&lt;&lt;</a>&nbsp;&nbsp;&nbsp;__user_setup_stackheap
</UL>

<P><STRONG><a name="[23163d8]"></a>delay</STRONG> (ARM, 48 bytes, Stack size 0 bytes, arm_shiftabitltor.o(.text))
<BR><BR>[Called By]<UL><LI><a href="#[2316364]">&lt;&lt;</a>&nbsp;&nbsp;&nbsp;main
</UL>

<P><STRONG><a name="[2316364]"></a>main</STRONG> (ARM, 96 bytes, Stack size 4 bytes, arm_shiftabitltor.o(.text))
<BR><BR>[Stack]<UL><LI>Max Depth = 4<LI>Call Chain = main</UL>
<BR>[Calls]<UL><LI><a href="#[23163d8]">&gt;&gt;</a>&nbsp;&nbsp;&nbsp;delay
</UL>
<BR>[Address Reference Count : 1]<UL><LI> kernel.o(.text)
</UL>
<P><STRONG><a name="[23cb540]"></a>__use_two_region_memory</STRONG> (ARM, 4 bytes, Stack size 0 bytes, stkheap2.o(.text), UNUSED)

<P><STRONG><a name="[23cb4b8]"></a>__rt_stackheap_init</STRONG> (ARM, 60 bytes, Stack size 24 bytes, stkheap2.o(.text))
<BR><BR>[Stack]<UL><LI>Max Depth = 32 + Unknown Stack Size
<LI>Call Chain = __rt_stackheap_init -> __user_setup_stackheap</UL>
<BR>[Calls]<UL><LI><a href="#[23c8870]">&gt;&gt;</a>&nbsp;&nbsp;&nbsp;__rt_stackheap_storage
<LI><a href="#[23c9684]">&gt;&gt;</a>&nbsp;&nbsp;&nbsp;__user_setup_stackheap
</UL>
<BR>[Called By]<UL><LI><a href="#[23ca190]">&lt;&lt;</a>&nbsp;&nbsp;&nbsp;__rt_entry
</UL>

<P><STRONG><a name="[23cb430]"></a>__rt_heap_extend</STRONG> (ARM, 24 bytes, Stack size 8 bytes, stkheap2.o(.text), UNUSED)
<BR><BR>[Calls]<UL><LI><a href="#[23cb614]">&gt;&gt;</a>&nbsp;&nbsp;&nbsp;__user_heap_extend (Weak Reference)
</UL>

<P><STRONG><a name="[23ca190]"></a>__rt_entry</STRONG> (ARM, 76 bytes, Stack size 16 bytes, kernel.o(.text))
<BR><BR>[Stack]<UL><LI>Max Depth = 64 + Unknown Stack Size
<LI>Call Chain = __rt_entry -> __rt_lib_init -> _fp_init</UL>
<BR>[Calls]<UL><LI><a href="#[23c6864]">&gt;&gt;</a>&nbsp;&nbsp;&nbsp;exit (via BX)
<LI><a href="#[23cb4b8]">&gt;&gt;</a>&nbsp;&nbsp;&nbsp;__rt_stackheap_init
<LI><a href="#[23f0ad4]">&gt;&gt;</a>&nbsp;&nbsp;&nbsp;_platform_post_lib_init
<LI><a href="#[23f1090]">&gt;&gt;</a>&nbsp;&nbsp;&nbsp;_platform_post_stackheap_init
<LI><a href="#[23f15c8]">&gt;&gt;</a>&nbsp;&nbsp;&nbsp;_platform_pre_stackheap_init
<LI><a href="#[23f2d00]">&gt;&gt;</a>&nbsp;&nbsp;&nbsp;__rt_lib_init (via Veneer)
</UL>
<BR>[Called By]<UL><LI><a href="#[23cac98]">&lt;&lt;</a>&nbsp;&nbsp;&nbsp;__main
<LI><a href="#[23ff730]">&lt;&lt;</a>&nbsp;&nbsp;&nbsp;__scatterload_rt2
</UL>

<P><STRONG><a name="[23ca048]"></a>__rt_exit</STRONG> (ARM, 20 bytes, Stack size 8 bytes, kernel.o(.text))
<BR><BR>[Stack]<UL><LI>Max Depth = 16<LI>Call Chain = __rt_exit -> __rt_lib_shutdown</UL>
<BR>[Calls]<UL><LI><a href="#[23f0578]">&gt;&gt;</a>&nbsp;&nbsp;&nbsp;_platform_pre_lib_shutdown
<LI><a href="#[23f2cb0]">&gt;&gt;</a>&nbsp;&nbsp;&nbsp;__rt_lib_shutdown (via Veneer)
</UL>
<BR>[Called By]<UL><LI><a href="#[23c6864]">&lt;&lt;</a>&nbsp;&nbsp;&nbsp;exit (via Veneer)
</UL>

<P><STRONG><a name="[23c9fd0]"></a>__rt_abort</STRONG> (ARM, 8 bytes, Stack size 0 bytes, kernel.o(.text), UNUSED)
<BR><BR>[Calls]<UL><LI><a href="#[23c7704]">&gt;&gt;</a>&nbsp;&nbsp;&nbsp;_sys_exit
</UL>

<P><STRONG><a name="[23c9684]"></a>__user_setup_stackheap</STRONG> (ARM, 96 bytes, Stack size 8 bytes, sys_stackheap_outer.o(.text))
<BR><BR>[Stack]<UL><LI>Max Depth = 8 + Unknown Stack Size
<LI>Call Chain = __user_setup_stackheap</UL>
<BR>[Calls]<UL><LI><a href="#[2318320]">&gt;&gt;</a>&nbsp;&nbsp;&nbsp;__user_initial_stackheap
<LI><a href="#[23c70c0]">&gt;&gt;</a>&nbsp;&nbsp;&nbsp;__user_perproc_libspace
</UL>
<BR>[Called By]<UL><LI><a href="#[23cb4b8]">&lt;&lt;</a>&nbsp;&nbsp;&nbsp;__rt_stackheap_init
</UL>

<P><STRONG><a name="[23c8870]"></a>__rt_stackheap_storage</STRONG> (ARM, 12 bytes, Stack size 0 bytes, rt_stackheap_storage_intlibspace.o(.text))
<BR><BR>[Called By]<UL><LI><a href="#[23cb4b8]">&lt;&lt;</a>&nbsp;&nbsp;&nbsp;__rt_stackheap_init
</UL>

<P><STRONG><a name="[23c7704]"></a>_sys_exit</STRONG> (ARM, 20 bytes, Stack size 0 bytes, sys_exit.o(.text), UNUSED)
<BR><BR>[Called By]<UL><LI><a href="#[23c9fd0]">&lt;&lt;</a>&nbsp;&nbsp;&nbsp;__rt_abort
</UL>

<P><STRONG><a name="[23c6f98]"></a>__user_libspace</STRONG> (ARM, 8 bytes, Stack size 0 bytes, libspace.o(.text), UNUSED)

<P><STRONG><a name="[23c70c0]"></a>__user_perproc_libspace</STRONG> (ARM, 0 bytes, Stack size 0 bytes, libspace.o(.text))
<BR><BR>[Called By]<UL><LI><a href="#[23c9684]">&lt;&lt;</a>&nbsp;&nbsp;&nbsp;__user_setup_stackheap
</UL>

<P><STRONG><a name="[23c7038]"></a>__user_perthread_libspace</STRONG> (ARM, 0 bytes, Stack size 0 bytes, libspace.o(.text), UNUSED)

<P><STRONG><a name="[23c6864]"></a>exit</STRONG> (Thumb, 24 bytes, Stack size 8 bytes, exit.o(.text))
<BR><BR>[Stack]<UL><LI>Max Depth = 24<LI>Call Chain = exit -> __rt_exit -> __rt_lib_shutdown</UL>
<BR>[Calls]<UL><LI><a href="#[23c6714]">&gt;&gt;</a>&nbsp;&nbsp;&nbsp;_call_atexit_fns (Weak Reference)
<LI><a href="#[23c6794]">&gt;&gt;</a>&nbsp;&nbsp;&nbsp;__ARM_stackcheck (Weak Reference)
<LI><a href="#[23ca048]">&gt;&gt;</a>&nbsp;&nbsp;&nbsp;__rt_exit (via Veneer)
</UL>
<BR>[Called By]<UL><LI><a href="#[23ca190]">&lt;&lt;</a>&nbsp;&nbsp;&nbsp;__rt_entry
</UL>

<P><STRONG><a name="[23f2d00]"></a>__rt_lib_init</STRONG> (Thumb, 188 bytes, Stack size 40 bytes, lib_init.o(.text))
<BR><BR>[Stack]<UL><LI>Max Depth = 48<LI>Call Chain = __rt_lib_init -> _fp_init</UL>
<BR>[Calls]<UL><LI><a href="#[23c6794]">&gt;&gt;</a>&nbsp;&nbsp;&nbsp;__ARM_stackcheck (Weak Reference)
<LI><a href="#[23ebb04]">&gt;&gt;</a>&nbsp;&nbsp;&nbsp;_fp_init (via Veneer)
<LI><a href="#[23eed08]">&gt;&gt;</a>&nbsp;&nbsp;&nbsp;__rt_locale (via Veneer)
<LI><a href="#[23f2280]">&gt;&gt;</a>&nbsp;&nbsp;&nbsp;_signal_init (Weak Reference)
<LI><a href="#[23f22fc]">&gt;&gt;</a>&nbsp;&nbsp;&nbsp;_rand_init (Weak Reference)
<LI><a href="#[23f2374]">&gt;&gt;</a>&nbsp;&nbsp;&nbsp;_initio (Weak Reference)
<LI><a href="#[23f23e8]">&gt;&gt;</a>&nbsp;&nbsp;&nbsp;_init_user_alloc (Weak Reference)
<LI><a href="#[23f2468]">&gt;&gt;</a>&nbsp;&nbsp;&nbsp;_init_alloc (Weak Reference)
<LI><a href="#[23f24e0]">&gt;&gt;</a>&nbsp;&nbsp;&nbsp;_getenv_init (Weak Reference)
<LI><a href="#[23f255c]">&gt;&gt;</a>&nbsp;&nbsp;&nbsp;_get_lc_time (Weak Reference)
<LI><a href="#[23f25d8]">&gt;&gt;</a>&nbsp;&nbsp;&nbsp;_get_lc_numeric (Weak Reference)
<LI><a href="#[23f2654]">&gt;&gt;</a>&nbsp;&nbsp;&nbsp;_get_lc_monetary (Weak Reference)
<LI><a href="#[23f26d4]">&gt;&gt;</a>&nbsp;&nbsp;&nbsp;_get_lc_ctype (Weak Reference)
<LI><a href="#[23f2750]">&gt;&gt;</a>&nbsp;&nbsp;&nbsp;_get_lc_collate (Weak Reference)
<LI><a href="#[23f27cc]">&gt;&gt;</a>&nbsp;&nbsp;&nbsp;_fp_trap_init (Weak Reference)
<LI><a href="#[23f2848]">&gt;&gt;</a>&nbsp;&nbsp;&nbsp;_clock_init (Weak Reference)
<LI><a href="#[23f28c0]">&gt;&gt;</a>&nbsp;&nbsp;&nbsp;_atexit_init (Weak Reference)
<LI><a href="#[23f29b8]">&gt;&gt;</a>&nbsp;&nbsp;&nbsp;__cpp_initialize__aeabi_ (Weak Reference)
<LI><a href="#[23f2a40]">&gt;&gt;</a>&nbsp;&nbsp;&nbsp;__alloca_initialize (Weak Reference)
<LI><a href="#[23f2ac0]">&gt;&gt;</a>&nbsp;&nbsp;&nbsp;__Heap_DescSize (Weak Reference)
<LI><a href="#[23f2b3c]">&gt;&gt;</a>&nbsp;&nbsp;&nbsp;__ARM_exceptions_init (Weak Reference)
<LI><a href="#[23f2dcc]">&gt;&gt;</a>&nbsp;&nbsp;&nbsp;__ARM_argv_veneer (via Veneer)
</UL>
<BR>[Called By]<UL><LI><a href="#[23ca190]">&lt;&lt;</a>&nbsp;&nbsp;&nbsp;__rt_entry (via Veneer)
</UL>

<P><STRONG><a name="[23f2cb0]"></a>__rt_lib_shutdown</STRONG> (Thumb, 26 bytes, Stack size 8 bytes, lib_init.o(.text))
<BR><BR>[Stack]<UL><LI>Max Depth = 8<LI>Call Chain = __rt_lib_shutdown</UL>
<BR>[Calls]<UL><LI><a href="#[23c6794]">&gt;&gt;</a>&nbsp;&nbsp;&nbsp;__ARM_stackcheck (Weak Reference)
<LI><a href="#[23f2180]">&gt;&gt;</a>&nbsp;&nbsp;&nbsp;_terminateio (Weak Reference)
<LI><a href="#[23f21fc]">&gt;&gt;</a>&nbsp;&nbsp;&nbsp;_terminate_user_alloc (Weak Reference)
<LI><a href="#[23f293c]">&gt;&gt;</a>&nbsp;&nbsp;&nbsp;__cxa_finalize (Weak Reference)
</UL>
<BR>[Called By]<UL><LI><a href="#[23ca048]">&lt;&lt;</a>&nbsp;&nbsp;&nbsp;__rt_exit (via Veneer)
</UL>

<P><STRONG><a name="[23f15c8]"></a>_platform_pre_stackheap_init</STRONG> (ARM, 4 bytes, Stack size 0 bytes, boardinit1.o(.text))
<BR><BR>[Called By]<UL><LI><a href="#[23ca190]">&lt;&lt;</a>&nbsp;&nbsp;&nbsp;__rt_entry
</UL>

<P><STRONG><a name="[23f1090]"></a>_platform_post_stackheap_init</STRONG> (ARM, 12 bytes, Stack size 0 bytes, boardinit2.o(.text))
<BR><BR>[Called By]<UL><LI><a href="#[23ca190]">&lt;&lt;</a>&nbsp;&nbsp;&nbsp;__rt_entry
</UL>

<P><STRONG><a name="[23f0ad4]"></a>_platform_post_lib_init</STRONG> (ARM, 16 bytes, Stack size 8 bytes, boardinit3.o(.text))
<BR><BR>[Stack]<UL><LI>Max Depth = 8<LI>Call Chain = _platform_post_lib_init</UL>
<BR>[Calls]<UL><LI><a href="#[23ec6a8]">&gt;&gt;</a>&nbsp;&nbsp;&nbsp;_cpu_pre_main
</UL>
<BR>[Called By]<UL><LI><a href="#[23ca190]">&lt;&lt;</a>&nbsp;&nbsp;&nbsp;__rt_entry
</UL>

<P><STRONG><a name="[23f0578]"></a>_platform_pre_lib_shutdown</STRONG> (ARM, 4 bytes, Stack size 0 bytes, boardshut.o(.text))
<BR><BR>[Called By]<UL><LI><a href="#[23ca048]">&lt;&lt;</a>&nbsp;&nbsp;&nbsp;__rt_exit
</UL>

<P><STRONG><a name="[23efff8]"></a>__I_use_semihosting</STRONG> (ARM, 0 bytes, Stack size 0 bytes, use_no_semi.o(.text))
<BR>[Address Reference Count : 1]<UL><LI> sys_exit.o(.text)
</UL>
<P><STRONG><a name="[23eff70]"></a>__use_no_semihosting_swi</STRONG> (ARM, 4 bytes, Stack size 0 bytes, use_no_semi.o(.text), UNUSED)

<P><STRONG><a name="[23eed08]"></a>__rt_locale</STRONG> (ARM, 12 bytes, Stack size 0 bytes, rt_locale_intlibspace.o(.text))
<BR><BR>[Called By]<UL><LI><a href="#[23f2d00]">&lt;&lt;</a>&nbsp;&nbsp;&nbsp;__rt_lib_init (via Veneer)
</UL>

<P><STRONG><a name="[23ec6a8]"></a>_cpu_pre_main</STRONG> (ARM, 4 bytes, Stack size 0 bytes, cpuinit.o(.text))
<BR><BR>[Called By]<UL><LI><a href="#[23f0ad4]">&lt;&lt;</a>&nbsp;&nbsp;&nbsp;_platform_post_lib_init
</UL>

<P><STRONG><a name="[23ec144]"></a>__ARM_get_argv</STRONG> (Thumb, 6 bytes, Stack size 4 bytes, no_argv.o(.text))
<BR><BR>[Stack]<UL><LI>Max Depth = 4<LI>Call Chain = __ARM_get_argv</UL>
<BR>[Address Reference Count : 1]<UL><LI> lib_init.o(.emb_text)
</UL>
<P><STRONG><a name="[23ea6e4]"></a>__rt_fp_status_addr</STRONG> (ARM, 12 bytes, Stack size 0 bytes, rt_fp_status_addr_intlibspace.o(.text))
<BR><BR>[Called By]<UL><LI><a href="#[23ebb04]">&lt;&lt;</a>&nbsp;&nbsp;&nbsp;_fp_init
</UL>

<P><STRONG><a name="[23ebb04]"></a>_fp_init</STRONG> (ARM, 24 bytes, Stack size 8 bytes, fpinit.o(x$fpl$fpinit))
<BR><BR>[Stack]<UL><LI>Max Depth = 8<LI>Call Chain = _fp_init</UL>
<BR>[Calls]<UL><LI><a href="#[23ea6e4]">&gt;&gt;</a>&nbsp;&nbsp;&nbsp;__rt_fp_status_addr
</UL>
<BR>[Called By]<UL><LI><a href="#[23f2d00]">&lt;&lt;</a>&nbsp;&nbsp;&nbsp;__rt_lib_init (via Veneer)
</UL>

<P><STRONG><a name="[23eb9f8]"></a>__fplib_config_pureend_doubles</STRONG> (ARM, 0 bytes, Stack size unknown bytes, fpinit.o(x$fpl$fpinit), UNUSED)

<P><STRONG><a name="[2318a90]"></a>Undef_Handler</STRONG> (ARM, 4 bytes, Stack size unknown bytes, startup.o(RESET))
<BR><BR>[Calls]<UL><LI><a href="#[2318a90]">&gt;&gt;</a>&nbsp;&nbsp;&nbsp;Undef_Handler
</UL>
<BR>[Called By]<UL><LI><a href="#[2318a90]">&lt;&lt;</a>&nbsp;&nbsp;&nbsp;Undef_Handler
</UL>
<BR>[Address Reference Count : 1]<UL><LI> startup.o(RESET)
</UL>
<P><STRONG><a name="[2318a18]"></a>SWI_Handler</STRONG> (ARM, 4 bytes, Stack size unknown bytes, startup.o(RESET))
<BR><BR>[Calls]<UL><LI><a href="#[2318a18]">&gt;&gt;</a>&nbsp;&nbsp;&nbsp;SWI_Handler
</UL>
<BR>[Called By]<UL><LI><a href="#[2318a18]">&lt;&lt;</a>&nbsp;&nbsp;&nbsp;SWI_Handler
</UL>
<BR>[Address Reference Count : 1]<UL><LI> startup.o(RESET)
</UL>
<P><STRONG><a name="[231899c]"></a>PAbt_Handler</STRONG> (ARM, 4 bytes, Stack size unknown bytes, startup.o(RESET))
<BR><BR>[Calls]<UL><LI><a href="#[231899c]">&gt;&gt;</a>&nbsp;&nbsp;&nbsp;PAbt_Handler
</UL>
<BR>[Called By]<UL><LI><a href="#[231899c]">&lt;&lt;</a>&nbsp;&nbsp;&nbsp;PAbt_Handler
</UL>
<BR>[Address Reference Count : 1]<UL><LI> startup.o(RESET)
</UL>
<P><STRONG><a name="[2318920]"></a>DAbt_Handler</STRONG> (ARM, 4 bytes, Stack size unknown bytes, startup.o(RESET))
<BR><BR>[Calls]<UL><LI><a href="#[2318920]">&gt;&gt;</a>&nbsp;&nbsp;&nbsp;DAbt_Handler
</UL>
<BR>[Called By]<UL><LI><a href="#[2318920]">&lt;&lt;</a>&nbsp;&nbsp;&nbsp;DAbt_Handler
</UL>
<BR>[Address Reference Count : 1]<UL><LI> startup.o(RESET)
</UL>
<P><STRONG><a name="[23188a8]"></a>IRQ_Handler</STRONG> (ARM, 4 bytes, Stack size unknown bytes, startup.o(RESET))
<BR><BR>[Calls]<UL><LI><a href="#[23188a8]">&gt;&gt;</a>&nbsp;&nbsp;&nbsp;IRQ_Handler
</UL>
<BR>[Called By]<UL><LI><a href="#[23188a8]">&lt;&lt;</a>&nbsp;&nbsp;&nbsp;IRQ_Handler
</UL>
<BR>[Address Reference Count : 1]<UL><LI> startup.o(RESET)
</UL>
<P><STRONG><a name="[2318830]"></a>FIQ_Handler</STRONG> (ARM, 4 bytes, Stack size unknown bytes, startup.o(RESET))
<BR><BR>[Calls]<UL><LI><a href="#[2318830]">&gt;&gt;</a>&nbsp;&nbsp;&nbsp;FIQ_Handler
</UL>
<BR>[Called By]<UL><LI><a href="#[2318830]">&lt;&lt;</a>&nbsp;&nbsp;&nbsp;FIQ_Handler
</UL>
<BR>[Address Reference Count : 1]<UL><LI> startup.o(RESET)
</UL>
<P><STRONG><a name="[23f2b3c]"></a>__ARM_exceptions_init</STRONG> (Unknown, 0 bytes, Stack size 0 bytes, UNDEFINED)
<BR><BR>[Called By]<UL><LI><a href="#[23f2d00]">&lt;&lt;</a>&nbsp;&nbsp;&nbsp;__rt_lib_init (Weak Reference)
</UL>

<P><STRONG><a name="[23c6794]"></a>__ARM_stackcheck</STRONG> (Unknown, 0 bytes, Stack size 0 bytes, UNDEFINED)
<BR><BR>[Called By]<UL><LI><a href="#[23c6864]">&lt;&lt;</a>&nbsp;&nbsp;&nbsp;exit (Weak Reference)
<LI><a href="#[23f2cb0]">&lt;&lt;</a>&nbsp;&nbsp;&nbsp;__rt_lib_shutdown (Weak Reference)
<LI><a href="#[23f2d00]">&lt;&lt;</a>&nbsp;&nbsp;&nbsp;__rt_lib_init (Weak Reference)
</UL>

<P><STRONG><a name="[23f2ac0]"></a>__Heap_DescSize</STRONG> (Unknown, 0 bytes, Stack size 0 bytes, UNDEFINED)
<BR><BR>[Called By]<UL><LI><a href="#[23f2d00]">&lt;&lt;</a>&nbsp;&nbsp;&nbsp;__rt_lib_init (Weak Reference)
</UL>

<P><STRONG><a name="[23f2a40]"></a>__alloca_initialize</STRONG> (Unknown, 0 bytes, Stack size 0 bytes, UNDEFINED)
<BR><BR>[Called By]<UL><LI><a href="#[23f2d00]">&lt;&lt;</a>&nbsp;&nbsp;&nbsp;__rt_lib_init (Weak Reference)
</UL>

<P><STRONG><a name="[23f29b8]"></a>__cpp_initialize__aeabi_</STRONG> (Unknown, 0 bytes, Stack size 0 bytes, UNDEFINED)
<BR><BR>[Called By]<UL><LI><a href="#[23f2d00]">&lt;&lt;</a>&nbsp;&nbsp;&nbsp;__rt_lib_init (Weak Reference)
</UL>

<P><STRONG><a name="[23f293c]"></a>__cxa_finalize</STRONG> (Unknown, 0 bytes, Stack size 0 bytes, UNDEFINED)
<BR><BR>[Called By]<UL><LI><a href="#[23f2cb0]">&lt;&lt;</a>&nbsp;&nbsp;&nbsp;__rt_lib_shutdown (Weak Reference)
</UL>

<P><STRONG><a name="[23cb614]"></a>__user_heap_extend</STRONG> (Unknown, 0 bytes, Stack size 0 bytes, UNDEFINED, UNUSED)
<BR><BR>[Called By]<UL><LI><a href="#[23cb430]">&lt;&lt;</a>&nbsp;&nbsp;&nbsp;__rt_heap_extend (Weak Reference)
</UL>

<P><STRONG><a name="[23f28c0]"></a>_atexit_init</STRONG> (Unknown, 0 bytes, Stack size 0 bytes, UNDEFINED)
<BR><BR>[Called By]<UL><LI><a href="#[23f2d00]">&lt;&lt;</a>&nbsp;&nbsp;&nbsp;__rt_lib_init (Weak Reference)
</UL>

<P><STRONG><a name="[23c6714]"></a>_call_atexit_fns</STRONG> (Unknown, 0 bytes, Stack size 0 bytes, UNDEFINED)
<BR><BR>[Called By]<UL><LI><a href="#[23c6864]">&lt;&lt;</a>&nbsp;&nbsp;&nbsp;exit (Weak Reference)
</UL>

<P><STRONG><a name="[23f2848]"></a>_clock_init</STRONG> (Unknown, 0 bytes, Stack size 0 bytes, UNDEFINED)
<BR><BR>[Called By]<UL><LI><a href="#[23f2d00]">&lt;&lt;</a>&nbsp;&nbsp;&nbsp;__rt_lib_init (Weak Reference)
</UL>

<P><STRONG><a name="[23f27cc]"></a>_fp_trap_init</STRONG> (Unknown, 0 bytes, Stack size 0 bytes, UNDEFINED)
<BR><BR>[Called By]<UL><LI><a href="#[23f2d00]">&lt;&lt;</a>&nbsp;&nbsp;&nbsp;__rt_lib_init (Weak Reference)
</UL>

<P><STRONG><a name="[23f2750]"></a>_get_lc_collate</STRONG> (Unknown, 0 bytes, Stack size 0 bytes, UNDEFINED)
<BR><BR>[Called By]<UL><LI><a href="#[23f2d00]">&lt;&lt;</a>&nbsp;&nbsp;&nbsp;__rt_lib_init (Weak Reference)
</UL>

<P><STRONG><a name="[23f26d4]"></a>_get_lc_ctype</STRONG> (Unknown, 0 bytes, Stack size 0 bytes, UNDEFINED)
<BR><BR>[Called By]<UL><LI><a href="#[23f2d00]">&lt;&lt;</a>&nbsp;&nbsp;&nbsp;__rt_lib_init (Weak Reference)
</UL>

<P><STRONG><a name="[23f2654]"></a>_get_lc_monetary</STRONG> (Unknown, 0 bytes, Stack size 0 bytes, UNDEFINED)
<BR><BR>[Called By]<UL><LI><a href="#[23f2d00]">&lt;&lt;</a>&nbsp;&nbsp;&nbsp;__rt_lib_init (Weak Reference)
</UL>

<P><STRONG><a name="[23f25d8]"></a>_get_lc_numeric</STRONG> (Unknown, 0 bytes, Stack size 0 bytes, UNDEFINED)
<BR><BR>[Called By]<UL><LI><a href="#[23f2d00]">&lt;&lt;</a>&nbsp;&nbsp;&nbsp;__rt_lib_init (Weak Reference)
</UL>

<P><STRONG><a name="[23f255c]"></a>_get_lc_time</STRONG> (Unknown, 0 bytes, Stack size 0 bytes, UNDEFINED)
<BR><BR>[Called By]<UL><LI><a href="#[23f2d00]">&lt;&lt;</a>&nbsp;&nbsp;&nbsp;__rt_lib_init (Weak Reference)
</UL>

<P><STRONG><a name="[23f24e0]"></a>_getenv_init</STRONG> (Unknown, 0 bytes, Stack size 0 bytes, UNDEFINED)
<BR><BR>[Called By]<UL><LI><a href="#[23f2d00]">&lt;&lt;</a>&nbsp;&nbsp;&nbsp;__rt_lib_init (Weak Reference)
</UL>

<P><STRONG><a name="[23f2468]"></a>_init_alloc</STRONG> (Unknown, 0 bytes, Stack size 0 bytes, UNDEFINED)
<BR><BR>[Called By]<UL><LI><a href="#[23f2d00]">&lt;&lt;</a>&nbsp;&nbsp;&nbsp;__rt_lib_init (Weak Reference)
</UL>

<P><STRONG><a name="[23f23e8]"></a>_init_user_alloc</STRONG> (Unknown, 0 bytes, Stack size 0 bytes, UNDEFINED)
<BR><BR>[Called By]<UL><LI><a href="#[23f2d00]">&lt;&lt;</a>&nbsp;&nbsp;&nbsp;__rt_lib_init (Weak Reference)
</UL>

<P><STRONG><a name="[23f2374]"></a>_initio</STRONG> (Unknown, 0 bytes, Stack size 0 bytes, UNDEFINED)
<BR><BR>[Called By]<UL><LI><a href="#[23f2d00]">&lt;&lt;</a>&nbsp;&nbsp;&nbsp;__rt_lib_init (Weak Reference)
</UL>

<P><STRONG><a name="[23f22fc]"></a>_rand_init</STRONG> (Unknown, 0 bytes, Stack size 0 bytes, UNDEFINED)
<BR><BR>[Called By]<UL><LI><a href="#[23f2d00]">&lt;&lt;</a>&nbsp;&nbsp;&nbsp;__rt_lib_init (Weak Reference)
</UL>

<P><STRONG><a name="[23f2280]"></a>_signal_init</STRONG> (Unknown, 0 bytes, Stack size 0 bytes, UNDEFINED)
<BR><BR>[Called By]<UL><LI><a href="#[23f2d00]">&lt;&lt;</a>&nbsp;&nbsp;&nbsp;__rt_lib_init (Weak Reference)
</UL>

<P><STRONG><a name="[23f21fc]"></a>_terminate_user_alloc</STRONG> (Unknown, 0 bytes, Stack size 0 bytes, UNDEFINED)
<BR><BR>[Called By]<UL><LI><a href="#[23f2cb0]">&lt;&lt;</a>&nbsp;&nbsp;&nbsp;__rt_lib_shutdown (Weak Reference)
</UL>

<P><STRONG><a name="[23f2180]"></a>_terminateio</STRONG> (Unknown, 0 bytes, Stack size 0 bytes, UNDEFINED)
<BR><BR>[Called By]<UL><LI><a href="#[23f2cb0]">&lt;&lt;</a>&nbsp;&nbsp;&nbsp;__rt_lib_shutdown (Weak Reference)
</UL>
<HR></body></html>
